// Jest Snapshot v1, https://goo.gl/fbAQLP

exports[`PasswordsForm renders correctly when not valid 1`] = `
<RCTSafeAreaView
  emulateUnlessSupported={true}
  style={
    Object {
      "alignItems": "center",
    }
  }
>
  <View
    style={
      Object {
        "alignItems": "center",
        "height": "100%",
        "justifyContent": "center",
        "width": 250,
      }
    }
  >
    <View
      style={
        Array [
          Object {
            "width": "100%",
          },
          undefined,
        ]
      }
    >
      <Text>
        Password
      </Text>
      <TextInput
        autoCapitalize="none"
        name="password"
        onBlur={[Function]}
        onChangeText={[Function]}
        onDragStart={[Function]}
        onDrop={[Function]}
        onFocus={[Function]}
        secureTextEntry={true}
        style={
          Array [
            Object {
              "borderColor": "#1f1f1f",
              "borderWidth": 1,
              "height": 37,
              "marginBottom": 12,
              "paddingLeft": 8,
              "paddingRight": 32,
              "width": "100%",
            },
            undefined,
          ]
        }
        value=""
      />
      <View
        style={
          Array [
            Object {
              "borderRadius": 50,
              "bottom": 27.5,
              "height": 6,
              "position": "absolute",
              "right": 12,
              "width": 6,
            },
            Object {
              "backgroundColor": "green",
            },
          ]
        }
      />
    </View>
    <View
      style={
        Array [
          Object {
            "width": "100%",
          },
          undefined,
        ]
      }
    >
      <Text>
        Password Confirmation
      </Text>
      <TextInput
        autoCapitalize="none"
        name="passwordConfirmation"
        onBlur={[Function]}
        onChangeText={[Function]}
        onDragStart={[Function]}
        onDrop={[Function]}
        onFocus={[Function]}
        secureTextEntry={true}
        style={
          Array [
            Object {
              "borderColor": "#1f1f1f",
              "borderWidth": 1,
              "height": 37,
              "marginBottom": 12,
              "paddingLeft": 8,
              "paddingRight": 32,
              "width": "100%",
            },
            undefined,
          ]
        }
        value=""
      />
      <View
        style={
          Array [
            Object {
              "borderRadius": 50,
              "bottom": 27.5,
              "height": 6,
              "position": "absolute",
              "right": 12,
              "width": 6,
            },
            Object {
              "backgroundColor": "green",
            },
          ]
        }
      />
    </View>
    <View>
      <Text>
        Password rules:
      </Text>
      <Text
        style={
          Array [
            Object {
              "color": "red",
            },
            undefined,
          ]
        }
      >
        has at least one regular letter a-z
      </Text>
      <Text
        style={
          Array [
            Object {
              "color": "red",
            },
            undefined,
          ]
        }
      >
        has at least one capital letter a-z
      </Text>
      <Text
        style={
          Array [
            Object {
              "color": "red",
            },
            undefined,
          ]
        }
      >
        has at least one number 0-9
      </Text>
      <Text
        style={
          Array [
            Object {
              "color": "red",
            },
            undefined,
          ]
        }
      >
        length is greater than 6
      </Text>
      <Text
        style={
          Array [
            Object {
              "color": "red",
            },
            undefined,
          ]
        }
      >
        Passwords matches
      </Text>
    </View>
    <View
      accessible={true}
      collapsable={false}
      focusable={false}
      nativeID="animatedComponent"
      onClick={[Function]}
      onResponderGrant={[Function]}
      onResponderMove={[Function]}
      onResponderRelease={[Function]}
      onResponderTerminate={[Function]}
      onResponderTerminationRequest={[Function]}
      onStartShouldSetResponder={[Function]}
      style={
        Object {
          "alignItems": "center",
          "backgroundColor": "#3fd1a5",
          "height": 37,
          "justifyContent": "center",
          "marginTop": 10,
          "opacity": 1,
          "textAlign": "center",
          "width": "100%",
        }
      }
    >
      <Text
        style={
          Object {
            "color": "white",
            "fontWeight": "bold",
          }
        }
      >
        <Text>
          Submit
        </Text>
      </Text>
    </View>
  </View>
</RCTSafeAreaView>
`;

exports[`PasswordsForm renders correctly when valid 1`] = `
<RCTSafeAreaView
  emulateUnlessSupported={true}
  style={
    Object {
      "alignItems": "center",
    }
  }
>
  <View
    style={
      Object {
        "alignItems": "center",
        "height": "100%",
        "justifyContent": "center",
        "width": 250,
      }
    }
  >
    <View
      style={
        Array [
          Object {
            "width": "100%",
          },
          undefined,
        ]
      }
    >
      <Text>
        Password
      </Text>
      <TextInput
        autoCapitalize="none"
        name="password"
        onBlur={[Function]}
        onChangeText={[Function]}
        onDragStart={[Function]}
        onDrop={[Function]}
        onFocus={[Function]}
        secureTextEntry={true}
        style={
          Array [
            Object {
              "borderColor": "#1f1f1f",
              "borderWidth": 1,
              "height": 37,
              "marginBottom": 12,
              "paddingLeft": 8,
              "paddingRight": 32,
              "width": "100%",
            },
            undefined,
          ]
        }
        value=""
      />
      <View
        style={
          Array [
            Object {
              "borderRadius": 50,
              "bottom": 27.5,
              "height": 6,
              "position": "absolute",
              "right": 12,
              "width": 6,
            },
            Object {
              "backgroundColor": "green",
            },
          ]
        }
      />
    </View>
    <View
      style={
        Array [
          Object {
            "width": "100%",
          },
          undefined,
        ]
      }
    >
      <Text>
        Password Confirmation
      </Text>
      <TextInput
        autoCapitalize="none"
        name="passwordConfirmation"
        onBlur={[Function]}
        onChangeText={[Function]}
        onDragStart={[Function]}
        onDrop={[Function]}
        onFocus={[Function]}
        secureTextEntry={true}
        style={
          Array [
            Object {
              "borderColor": "#1f1f1f",
              "borderWidth": 1,
              "height": 37,
              "marginBottom": 12,
              "paddingLeft": 8,
              "paddingRight": 32,
              "width": "100%",
            },
            undefined,
          ]
        }
        value=""
      />
      <View
        style={
          Array [
            Object {
              "borderRadius": 50,
              "bottom": 27.5,
              "height": 6,
              "position": "absolute",
              "right": 12,
              "width": 6,
            },
            Object {
              "backgroundColor": "green",
            },
          ]
        }
      />
    </View>
    <View>
      <Text>
        Password rules:
      </Text>
      <Text
        style={
          Array [
            Object {
              "color": "red",
            },
            undefined,
          ]
        }
      >
        has at least one regular letter a-z
      </Text>
      <Text
        style={
          Array [
            Object {
              "color": "red",
            },
            undefined,
          ]
        }
      >
        has at least one capital letter a-z
      </Text>
      <Text
        style={
          Array [
            Object {
              "color": "red",
            },
            undefined,
          ]
        }
      >
        has at least one number 0-9
      </Text>
      <Text
        style={
          Array [
            Object {
              "color": "red",
            },
            undefined,
          ]
        }
      >
        length is greater than 6
      </Text>
      <Text
        style={
          Array [
            Object {
              "color": "red",
            },
            undefined,
          ]
        }
      >
        Passwords matches
      </Text>
    </View>
    <View
      accessible={true}
      collapsable={false}
      focusable={false}
      nativeID="animatedComponent"
      onClick={[Function]}
      onResponderGrant={[Function]}
      onResponderMove={[Function]}
      onResponderRelease={[Function]}
      onResponderTerminate={[Function]}
      onResponderTerminationRequest={[Function]}
      onStartShouldSetResponder={[Function]}
      style={
        Object {
          "alignItems": "center",
          "backgroundColor": "#3fd1a5",
          "height": 37,
          "justifyContent": "center",
          "marginTop": 10,
          "opacity": 1,
          "textAlign": "center",
          "width": "100%",
        }
      }
    >
      <Text
        style={
          Object {
            "color": "white",
            "fontWeight": "bold",
          }
        }
      >
        <Text>
          Submit
        </Text>
      </Text>
    </View>
  </View>
</RCTSafeAreaView>
`;
