// Jest Snapshot v1, https://goo.gl/fbAQLP

exports[`Button renders correctly 1`] = `
<View
  accessible={true}
  collapsable={false}
  focusable={true}
  nativeID="animatedComponent"
  onClick={[Function]}
  onResponderGrant={[Function]}
  onResponderMove={[Function]}
  onResponderRelease={[Function]}
  onResponderTerminate={[Function]}
  onResponderTerminationRequest={[Function]}
  onStartShouldSetResponder={[Function]}
  style={
    Object {
      "alignItems": "center",
      "backgroundColor": "#3fd1a5",
      "height": 37,
      "justifyContent": "center",
      "marginTop": 10,
      "opacity": 1,
      "textAlign": "center",
      "width": "100%",
    }
  }
>
  <Text
    style={
      Object {
        "color": "white",
        "fontWeight": "bold",
      }
    }
  >
    <Text>
      Submit
    </Text>
  </Text>
</View>
`;
